###############################################################################
#                                                                             #
# IAR ELF Linker V6.40.4.54170/W32 for ARM              11/Jun/2013  17:19:33 #
# Copyright 2007-2012 IAR Systems AB.                                         #
#                                                                             #
#    Output file  =  D:\SVN\C_Sharp\VisualRotate\trunk\stm32f103_flight_contr #
#                    oller\Debug\Exe\stm32f103cbt.out                         #
#    Map file     =  D:\SVN\C_Sharp\VisualRotate\trunk\stm32f103_flight_contr #
#                    oller\Debug\List\stm32f103cbt.map                        #
#    Command line =  D:\SVN\C_Sharp\VisualRotate\trunk\stm32f103_flight_contr #
#                    oller\Debug\Obj\I2CRoutines.o                            #
#                    D:\SVN\C_Sharp\VisualRotate\trunk\stm32f103_flight_contr #
#                    oller\Debug\Obj\MadgwickAHRS.o                           #
#                    D:\SVN\C_Sharp\VisualRotate\trunk\stm32f103_flight_contr #
#                    oller\Debug\Obj\MahonyAHRS.o                             #
#                    D:\SVN\C_Sharp\VisualRotate\trunk\stm32f103_flight_contr #
#                    oller\Debug\Obj\board_NVIC.o                             #
#                    D:\SVN\C_Sharp\VisualRotate\trunk\stm32f103_flight_contr #
#                    oller\Debug\Obj\board_adc.o                              #
#                    D:\SVN\C_Sharp\VisualRotate\trunk\stm32f103_flight_contr #
#                    oller\Debug\Obj\board_adxl345.o                          #
#                    D:\SVN\C_Sharp\VisualRotate\trunk\stm32f103_flight_contr #
#                    oller\Debug\Obj\board_bmp085.o                           #
#                    D:\SVN\C_Sharp\VisualRotate\trunk\stm32f103_flight_contr #
#                    oller\Debug\Obj\board_dma.o                              #
#                    D:\SVN\C_Sharp\VisualRotate\trunk\stm32f103_flight_contr #
#                    oller\Debug\Obj\board_filter.o                           #
#                    D:\SVN\C_Sharp\VisualRotate\trunk\stm32f103_flight_contr #
#                    oller\Debug\Obj\board_gpio.o                             #
#                    D:\SVN\C_Sharp\VisualRotate\trunk\stm32f103_flight_contr #
#                    oller\Debug\Obj\board_hmc5883.o                          #
#                    D:\SVN\C_Sharp\VisualRotate\trunk\stm32f103_flight_contr #
#                    oller\Debug\Obj\board_i2c.o                              #
#                    D:\SVN\C_Sharp\VisualRotate\trunk\stm32f103_flight_contr #
#                    oller\Debug\Obj\board_l3g4200d.o                         #
#                    D:\SVN\C_Sharp\VisualRotate\trunk\stm32f103_flight_contr #
#                    oller\Debug\Obj\board_ppm.o                              #
#                    D:\SVN\C_Sharp\VisualRotate\trunk\stm32f103_flight_contr #
#                    oller\Debug\Obj\board_timer.o                            #
#                    D:\SVN\C_Sharp\VisualRotate\trunk\stm32f103_flight_contr #
#                    oller\Debug\Obj\board_uart.o                             #
#                    D:\SVN\C_Sharp\VisualRotate\trunk\stm32f103_flight_contr #
#                    oller\Debug\Obj\main.o D:\SVN\C_Sharp\VisualRotate\trunk #
#                    \stm32f103_flight_controller\Debug\Obj\misc.o            #
#                    D:\SVN\C_Sharp\VisualRotate\trunk\stm32f103_flight_contr #
#                    oller\Debug\Obj\startup_stm32f10x_md.o                   #
#                    D:\SVN\C_Sharp\VisualRotate\trunk\stm32f103_flight_contr #
#                    oller\Debug\Obj\stm32f10x_adc.o                          #
#                    D:\SVN\C_Sharp\VisualRotate\trunk\stm32f103_flight_contr #
#                    oller\Debug\Obj\stm32f10x_bkp.o                          #
#                    D:\SVN\C_Sharp\VisualRotate\trunk\stm32f103_flight_contr #
#                    oller\Debug\Obj\stm32f10x_can.o                          #
#                    D:\SVN\C_Sharp\VisualRotate\trunk\stm32f103_flight_contr #
#                    oller\Debug\Obj\stm32f10x_cec.o                          #
#                    D:\SVN\C_Sharp\VisualRotate\trunk\stm32f103_flight_contr #
#                    oller\Debug\Obj\stm32f10x_crc.o                          #
#                    D:\SVN\C_Sharp\VisualRotate\trunk\stm32f103_flight_contr #
#                    oller\Debug\Obj\stm32f10x_dac.o                          #
#                    D:\SVN\C_Sharp\VisualRotate\trunk\stm32f103_flight_contr #
#                    oller\Debug\Obj\stm32f10x_dbgmcu.o                       #
#                    D:\SVN\C_Sharp\VisualRotate\trunk\stm32f103_flight_contr #
#                    oller\Debug\Obj\stm32f10x_dma.o                          #
#                    D:\SVN\C_Sharp\VisualRotate\trunk\stm32f103_flight_contr #
#                    oller\Debug\Obj\stm32f10x_exti.o                         #
#                    D:\SVN\C_Sharp\VisualRotate\trunk\stm32f103_flight_contr #
#                    oller\Debug\Obj\stm32f10x_flash.o                        #
#                    D:\SVN\C_Sharp\VisualRotate\trunk\stm32f103_flight_contr #
#                    oller\Debug\Obj\stm32f10x_fsmc.o                         #
#                    D:\SVN\C_Sharp\VisualRotate\trunk\stm32f103_flight_contr #
#                    oller\Debug\Obj\stm32f10x_gpio.o                         #
#                    D:\SVN\C_Sharp\VisualRotate\trunk\stm32f103_flight_contr #
#                    oller\Debug\Obj\stm32f10x_i2c.o                          #
#                    D:\SVN\C_Sharp\VisualRotate\trunk\stm32f103_flight_contr #
#                    oller\Debug\Obj\stm32f10x_iwdg.o                         #
#                    D:\SVN\C_Sharp\VisualRotate\trunk\stm32f103_flight_contr #
#                    oller\Debug\Obj\stm32f10x_pwr.o                          #
#                    D:\SVN\C_Sharp\VisualRotate\trunk\stm32f103_flight_contr #
#                    oller\Debug\Obj\stm32f10x_rcc.o                          #
#                    D:\SVN\C_Sharp\VisualRotate\trunk\stm32f103_flight_contr #
#                    oller\Debug\Obj\stm32f10x_rtc.o                          #
#                    D:\SVN\C_Sharp\VisualRotate\trunk\stm32f103_flight_contr #
#                    oller\Debug\Obj\stm32f10x_sdio.o                         #
#                    D:\SVN\C_Sharp\VisualRotate\trunk\stm32f103_flight_contr #
#                    oller\Debug\Obj\stm32f10x_spi.o                          #
#                    D:\SVN\C_Sharp\VisualRotate\trunk\stm32f103_flight_contr #
#                    oller\Debug\Obj\stm32f10x_tim.o                          #
#                    D:\SVN\C_Sharp\VisualRotate\trunk\stm32f103_flight_contr #
#                    oller\Debug\Obj\stm32f10x_usart.o                        #
#                    D:\SVN\C_Sharp\VisualRotate\trunk\stm32f103_flight_contr #
#                    oller\Debug\Obj\stm32f10x_wwdg.o                         #
#                    D:\SVN\C_Sharp\VisualRotate\trunk\stm32f103_flight_contr #
#                    oller\Debug\Obj\system_stm32f10x.o                       #
#                    D:\SVN\C_Sharp\VisualRotate\trunk\stm32f103_flight_contr #
#                    oller\Debug\Obj\user_CRC.o D:\SVN\C_Sharp\VisualRotate\t #
#                    runk\stm32f103_flight_controller\Debug\Obj\user_pid.o    #
#                    D:\SVN\C_Sharp\VisualRotate\trunk\stm32f103_flight_contr #
#                    oller\Debug\Obj\user_processing.o                        #
#                    D:\SVN\C_Sharp\VisualRotate\trunk\stm32f103_flight_contr #
#                    oller\Debug\Obj\user_serialization.o -o                  #
#                    D:\SVN\C_Sharp\VisualRotate\trunk\stm32f103_flight_contr #
#                    oller\Debug\Exe\stm32f103cbt.out --redirect              #
#                    _Printf=_PrintfFull --redirect _Scanf=_ScanfFull --map   #
#                    D:\SVN\C_Sharp\VisualRotate\trunk\stm32f103_flight_contr #
#                    oller\Debug\List\stm32f103cbt.map --config               #
#                    D:\SVN\C_Sharp\VisualRotate\trunk\stm32f103_flight_contr #
#                    oller\linker\stm32f103xB.icf --semihosting --entry       #
#                    __iar_program_start --vfe                                #
#                                                                             #
#                                                                             #
###############################################################################

*******************************************************************************
*** RUNTIME MODEL ATTRIBUTES
***

CppFlavor       = *
__SystemLibrary = DLib


*******************************************************************************
*** PLACEMENT SUMMARY
***

"A1":  place at 0x08000000 { ro section .intvec };
"P1":  place in [from 0x08000000 to 0x0801ffff] { ro };
"P2":  place in [from 0x20000000 to 0x20004fff] { rw, block CSTACK, block HEAP };

  Section            Kind        Address    Size  Object
  -------            ----        -------    ----  ------
"A1":                                       0xec
  .intvec            ro code  0x08000000    0xec  startup_stm32f10x_md.o [1]
                            - 0x080000ec    0xec

"P1":                                     0x8240
  .text              ro code  0x080000ec   0xc88  stm32f10x_tim.o [1]
  .text              ro code  0x08000d74   0x186  main.o [1]
  .text              ro code  0x08000efa    0x2e  copy_init3.o [5]
  .text              ro code  0x08000f28     0x6  ABImemclr4.o [5]
  .text              ro code  0x08000f2e    0x22  zero_init3.o [5]
  .text              ro code  0x08000f50   0x130  board_dma.o [1]
  .text              ro code  0x08001080   0x154  board_adxl345.o [1]
  .text              ro code  0x080011d4    0xca  board_l3g4200d.o [1]
  .text              ro code  0x080012a0    0x90  board_hmc5883.o [1]
  .text              ro code  0x08001330   0x3a8  board_bmp085.o [1]
  .text              ro code  0x080016d8    0xf2  user_pid.o [1]
  .text              ro code  0x080017cc   0x36c  board_timer.o [1]
  .text              ro code  0x08001b38   0x320  stm32f10x_gpio.o [1]
  .text              ro code  0x08001e58   0x6c4  board_uart.o [1]
  .text              ro code  0x0800251c     0xc  board_NVIC.o [1]
  .text              ro code  0x08002528   0x118  board_gpio.o [1]
  .text              ro code  0x08002640   0x7c8  board_i2c.o [1]
  .text              ro code  0x08002e08    0x32  ABImemset48.o [5]
  .text              ro code  0x08002e3c   0x254  stm32f10x_rcc.o [1]
  .text              ro code  0x08003090   0x740  stm32f10x_dma.o [1]
  .text              ro code  0x080037d0   0x3fc  stm32f10x_usart.o [1]
  .text              ro code  0x08003bcc    0x32  I32ToFlt.o [4]
  .text              ro code  0x08003c00    0x84  FltAdd.o [4]
  .text              ro code  0x08003c84    0xfc  FltDiv.o [4]
  .text              ro code  0x08003d80    0x4e  FltToDbl.o [4]
  .text              ro code  0x08003dd0   0x246  DblDiv.o [4]
  .text              ro code  0x08004018   0x180  DblSub.o [4]
  .text              ro code  0x08004198    0x90  DblToFlt.o [4]
  .rodata            const    0x08004228    0x74  stm32f10x_adc.o [1]
  .text              ro code  0x080042a0   0x838  pow.o [4]
  .text              ro code  0x08004ad8   0x1a2  DblMul.o [4]
  .text              ro code  0x08004c7c    0xe0  misc.o [1]
  .text              ro code  0x08004d5c   0x8dc  user_processing.o [1]
  .text              ro code  0x08005638    0x48  user_CRC.o [1]
  .text              ro code  0x08005680   0x690  I2CRoutines.o [1]
  .text              ro code  0x08005d10    0xe6  FltSub.o [4]
  .text              ro code  0x08005df8    0xe8  DblAdd.o [4]
  .text              ro code  0x08005ee0    0x42  xdnorm.o [4]
  .text              ro code  0x08005f22    0x7e  xdint.o [4]
  .text              ro code  0x08005fa0    0x20  DblCmpEq.o [4]
  .text              ro code  0x08005fc0     0xc  errno.o [3]
  .text              ro code  0x08005fcc    0x2e  DblCmpGe.o [4]
  .text              ro code  0x08005ffc    0x2e  DblCmpLe.o [4]
  .text              ro code  0x0800602c    0x4c  DblToI32.o [4]
  .text              ro code  0x08006078    0x2c  I32ToDbl.o [4]
  .text              ro code  0x080060a4    0xa8  xlog.o [4]
  .text              ro code  0x0800614c   0x2ec  xexp.o [4]
  .text              ro code  0x08006438     0xe  board_filter.o [1]
  .text              ro code  0x08006448   0x93c  MahonyAHRS.o [1]
  .text              ro code  0x08006d84   0x3c8  user_serialization.o [1]
  .text              ro code  0x0800714c    0xd8  FltMul.o [4]
  .text              ro code  0x08007224    0x56  ABImemcpy.o [5]
  .text              ro code  0x0800727c    0xf0  sqrt.o [4]
  .text              ro code  0x0800736c   0x110  atan2.o [4]
  .text              ro code  0x0800747c    0x94  atan.o [4]
  .text              ro code  0x08007510   0x1f0  stm32f10x_i2c.o [1]
  .text              ro code  0x08007700     0x2  xtls.o [3]
  .text              ro code  0x08007704   0x10c  xdscale.o [4]
  .text              ro code  0x08007810    0x1c  FltCmpEq.o [4]
  .text              ro code  0x0800782c    0x24  FltCmpGe.o [4]
  .text              ro code  0x08007850     0xc  iarEdom.o [5]
  .rodata            const    0x0800785c    0x74  stm32f10x_dma.o [1]
  .text              ro code  0x080078d0   0x1e0  xatan.o [4]
  .text              ro code  0x08007ab0   0x178  board_ppm.o [1]
  .text              ro code  0x08007c28   0x15c  system_stm32f10x.o [1]
  .rodata            const    0x08007d84    0x74  stm32f10x_gpio.o [1]
  .rodata            const    0x08007df8    0x74  stm32f10x_i2c.o [1]
  .rodata            const    0x08007e6c    0x74  stm32f10x_rcc.o [1]
  .rodata            const    0x08007ee0    0x74  stm32f10x_tim.o [1]
  .rodata            const    0x08007f54    0x74  stm32f10x_usart.o [1]
  .rodata            const    0x08007fc8    0x68  misc.o [1]
  .rodata            const    0x08008030    0x60  board_gpio.o [1]
  .text              ro code  0x08008090    0x38  stm32f10x_adc.o [1]
  .text              ro code  0x080080c8    0x28  data_init3.o [5]
  .rodata            const    0x080080f0    0x24  user_processing.o [1]
  .iar.init_table    const    0x08008114    0x24  - Linker created -
  .text              ro code  0x08008138    0x18  board_adc.o [1]
  .text              ro code  0x08008150    0x16  cmain.o [5]
  .text              ro code  0x08008166     0x4  low_level_init.o [3]
  .text              ro code  0x0800816a     0x4  exit.o [3]
  .text              ro code  0x08008170     0xa  cexit.o [5]
  .text              ro code  0x0800817c    0x14  exit.o [6]
  .text              ro code  0x08008190    0x10  startup_stm32f10x_md.o [1]
  .rodata            const    0x080081a0     0xc  board_uart.o [1]
  .rodata            const    0x080081ac     0xc  board_uart.o [1]
  .rodata            const    0x080081b8     0xc  board_uart.o [1]
  .text              ro code  0x080081c4     0xc  cstartup_M.o [5]
  .rodata            const    0x080081d0     0x8  board_uart.o [1]
  .rodata            const    0x080081d8     0x8  board_uart.o [1]
  .text              ro code  0x080081e0     0x4  startup_stm32f10x_md.o [1]
  .text              ro code  0x080081e4     0x4  startup_stm32f10x_md.o [1]
  .text              ro code  0x080081e8     0x4  startup_stm32f10x_md.o [1]
  .text              ro code  0x080081ec     0x4  startup_stm32f10x_md.o [1]
  .text              ro code  0x080081f0     0x4  startup_stm32f10x_md.o [1]
  .text              ro code  0x080081f4     0x4  startup_stm32f10x_md.o [1]
  .text              ro code  0x080081f8     0x4  startup_stm32f10x_md.o [1]
  .text              ro code  0x080081fc     0x4  startup_stm32f10x_md.o [1]
  .text              ro code  0x08008200     0x4  startup_stm32f10x_md.o [1]
  .text              ro code  0x08008204     0x4  startup_stm32f10x_md.o [1]
  .text              ro code  0x08008208     0x4  startup_stm32f10x_md.o [1]
  .text              ro code  0x0800820c     0x4  startup_stm32f10x_md.o [1]
  .text              ro code  0x08008210     0x4  startup_stm32f10x_md.o [1]
  .text              ro code  0x08008214     0x4  startup_stm32f10x_md.o [1]
  .text              ro code  0x08008218     0x4  startup_stm32f10x_md.o [1]
  .text              ro code  0x0800821c     0x4  startup_stm32f10x_md.o [1]
  .text              ro code  0x08008220     0x4  startup_stm32f10x_md.o [1]
  .text              ro code  0x08008224     0x4  startup_stm32f10x_md.o [1]
  .text              ro code  0x08008228     0x4  startup_stm32f10x_md.o [1]
  .text              ro code  0x0800822c     0x4  startup_stm32f10x_md.o [1]
  .text              ro code  0x08008230     0x4  startup_stm32f10x_md.o [1]
  .text              ro code  0x08008234     0x4  startup_stm32f10x_md.o [1]
  .text              ro code  0x08008238     0x4  startup_stm32f10x_md.o [1]
  .text              ro code  0x0800823c     0x4  startup_stm32f10x_md.o [1]
  .text              ro code  0x08008240     0x4  startup_stm32f10x_md.o [1]
  .text              ro code  0x08008244     0x4  startup_stm32f10x_md.o [1]
  .text              ro code  0x08008248     0x4  startup_stm32f10x_md.o [1]
  .text              ro code  0x0800824c     0x4  startup_stm32f10x_md.o [1]
  .text              ro code  0x08008250     0x4  startup_stm32f10x_md.o [1]
  .text              ro code  0x08008254     0x4  startup_stm32f10x_md.o [1]
  .text              ro code  0x08008258     0x4  startup_stm32f10x_md.o [1]
  .text              ro code  0x0800825c     0x4  startup_stm32f10x_md.o [1]
  .text              ro code  0x08008260     0x4  startup_stm32f10x_md.o [1]
  .text              ro code  0x08008264     0x4  startup_stm32f10x_md.o [1]
  .text              ro code  0x08008268     0x4  startup_stm32f10x_md.o [1]
  .text              ro code  0x0800826c     0x4  startup_stm32f10x_md.o [1]
  .text              ro code  0x08008270     0x4  startup_stm32f10x_md.o [1]
  .text              ro code  0x08008274     0x4  startup_stm32f10x_md.o [1]
  .text              ro code  0x08008278     0x4  startup_stm32f10x_md.o [1]
  .text              ro code  0x0800827c     0x4  startup_stm32f10x_md.o [1]
  .text              ro code  0x08008280     0x4  startup_stm32f10x_md.o [1]
  .text              ro code  0x08008284     0x4  startup_stm32f10x_md.o [1]
  .text              ro code  0x08008288     0x4  startup_stm32f10x_md.o [1]
  .text              ro code  0x0800828c     0x4  startup_stm32f10x_md.o [1]
  .text              ro code  0x08008290     0x4  startup_stm32f10x_md.o [1]
  .text              ro code  0x08008294     0x4  startup_stm32f10x_md.o [1]
  .text              ro code  0x08008298     0x4  startup_stm32f10x_md.o [1]
  .text              ro code  0x0800829c     0x4  startup_stm32f10x_md.o [1]
  .text              ro code  0x080082a0     0x4  startup_stm32f10x_md.o [1]
  .text              ro code  0x080082a4     0x4  startup_stm32f10x_md.o [1]
  .text              ro code  0x080082a8     0x4  startup_stm32f10x_md.o [1]
  .text              ro code  0x080082ac     0x4  startup_stm32f10x_md.o [1]
  .rodata            const    0x080082b0     0x0  zero_init3.o [5]
  .rodata            const    0x080082b0     0x0  copy_init3.o [5]
  Initializer bytes  ro data  0x080082b0    0x7c  <for P2 s0>
                            - 0x0800832c  0x8240

"P2", part 1 of 3:                          0x7c
  P2 s0                       0x20000000    0x7c  <Init block>
    .data            inited   0x20000000    0x10  stm32f10x_rcc.o [1]
    .data            inited   0x20000010    0x10  user_processing.o [1]
    .data            inited   0x20000020     0xc  board_adxl345.o [1]
    .data            inited   0x2000002c     0xc  board_uart.o [1]
    .data            inited   0x20000038     0xc  board_uart.o [1]
    .data            inited   0x20000044     0xc  board_uart.o [1]
    .data            inited   0x20000050     0xc  board_uart.o [1]
    .data            inited   0x2000005c     0xc  board_uart.o [1]
    .data            inited   0x20000068     0x4  MadgwickAHRS.o [1]
    .data            inited   0x2000006c     0x4  MahonyAHRS.o [1]
    .data            inited   0x20000070     0x4  stm32f10x_rcc.o [1]
    .data            inited   0x20000074     0x4  system_stm32f10x.o [1]
    .data            inited   0x20000078     0x4  user_processing.o [1]
                            - 0x2000007c    0x7c

"P2", part 2 of 3:                         0x514
  .bss               zero     0x2000007c   0x100  board_i2c.o [1]
  .bss               zero     0x2000017c   0x100  board_i2c.o [1]
  .bss               zero     0x2000027c    0xc0  board_uart.o [1]
  .bss               zero     0x2000033c    0x9c  user_pid.o [1]
  .bss               zero     0x200003d8    0x60  main.o [1]
  .bss               zero     0x20000438    0x2c  I2CRoutines.o [1]
  .bss               zero     0x20000464    0x28  board_ppm.o [1]
  .bss               zero     0x2000048c     0xc  MahonyAHRS.o [1]
  .bss               zero     0x20000498     0xc  board_adxl345.o [1]
  .bss               zero     0x200004a4     0xc  board_hmc5883.o [1]
  .bss               zero     0x200004b0     0xc  board_uart.o [1]
  .bss               zero     0x200004bc     0x8  board_adxl345.o [1]
  .bss               zero     0x200004c4     0x8  board_hmc5883.o [1]
  .bss               zero     0x200004d0     0x8  board_timer.o [1]
  .bss               zero     0x200004d8     0x4  I2CRoutines.o [1]
  .bss               zero     0x200004dc     0x4  I2CRoutines.o [1]
  .bss               zero     0x200004e0     0x4  I2CRoutines.o [1]
  .bss               zero     0x200004e4     0x4  MahonyAHRS.o [1]
  .bss               zero     0x200004e8     0x4  board_bmp085.o [1]
  .bss               zero     0x200004ec     0x4  board_bmp085.o [1]
  .bss               zero     0x200004f0     0x4  board_bmp085.o [1]
  .bss               zero     0x200004f4     0x4  board_bmp085.o [1]
  .bss               zero     0x200004f8     0x4  board_bmp085.o [1]
  .bss               zero     0x200004fc     0x4  board_bmp085.o [1]
  .bss               zero     0x20000500     0x4  board_bmp085.o [1]
  .bss               zero     0x20000504     0x4  board_bmp085.o [1]
  .bss               zero     0x20000508     0x4  board_bmp085.o [1]
  .bss               zero     0x2000050c     0x4  board_bmp085.o [1]
  .bss               zero     0x20000510     0x4  board_bmp085.o [1]
  .bss               zero     0x20000514     0x4  board_bmp085.o [1]
  .bss               zero     0x20000518     0x4  board_bmp085.o [1]
  .bss               zero     0x2000051c     0x4  board_bmp085.o [1]
  .bss               zero     0x20000520     0x4  board_bmp085.o [1]
  .bss               zero     0x20000524     0x4  board_bmp085.o [1]
  .bss               zero     0x20000528     0x4  board_bmp085.o [1]
  .bss               zero     0x2000052c     0x4  board_bmp085.o [1]
  .bss               zero     0x20000530     0x4  board_bmp085.o [1]
  .bss               zero     0x20000534     0x4  board_bmp085.o [1]
  .bss               zero     0x20000538     0x4  board_bmp085.o [1]
  .bss               zero     0x2000053c     0x4  board_bmp085.o [1]
  .bss               zero     0x20000540     0x4  board_bmp085.o [1]
  .bss               zero     0x20000544     0x4  board_bmp085.o [1]
  .bss               zero     0x20000548     0x4  board_ppm.o [1]
  .bss               zero     0x2000054c     0x4  board_ppm.o [1]
  .bss               zero     0x20000550     0x4  board_ppm.o [1]
  .bss               zero     0x20000554     0x4  board_ppm.o [1]
  .bss               zero     0x20000558     0x4  board_ppm.o [1]
  .bss               zero     0x2000055c     0x4  board_timer.o [1]
  .bss               zero     0x20000560     0x4  board_timer.o [1]
  .bss               zero     0x20000564     0x4  user_processing.o [1]
  .bss               zero     0x20000568     0x4  user_processing.o [1]
  .bss               zero     0x2000056c     0x4  user_processing.o [1]
  .bss               zero     0x20000570     0x4  user_processing.o [1]
  .bss               zero     0x20000574     0x4  user_processing.o [1]
  __DLIB_PERTHREAD   zero     0x20000578     0x4  errno.o [3]
  .bss               zero     0x2000057c     0x2  board_adc.o [1]
  .bss               zero     0x2000057e     0x2  board_ppm.o [1]
  .bss               zero     0x20000580     0x2  board_ppm.o [1]
  .bss               zero     0x20000582     0x1  I2CRoutines.o [1]
  .bss               zero     0x20000583     0x1  board_adxl345.o [1]
  .bss               zero     0x20000584     0x1  board_dma.o [1]
  .bss               zero     0x20000585     0x1  board_i2c.o [1]
  .bss               zero     0x20000586     0x1  board_i2c.o [1]
  .bss               zero     0x20000587     0x1  board_i2c.o [1]
  .bss               zero     0x20000588     0x1  board_i2c.o [1]
  .bss               zero     0x20000589     0x1  board_i2c.o [1]
  .bss               zero     0x2000058a     0x1  board_i2c.o [1]
  .bss               zero     0x2000058b     0x1  board_l3g4200d.o [1]
  .bss               zero     0x2000058c     0x1  user_processing.o [1]
                            - 0x2000058d   0x511

"P2", part 3 of 3:                         0x600
  CSTACK                      0x20000590   0x600  <Block>
    CSTACK           uninit   0x20000590   0x600  <Block tail>
                            - 0x20000b90   0x600


*******************************************************************************
*** INIT TABLE
***

          Address     Size
          -------     ----
Zero (__iar_zero_init3)
    1 destination range, total size 0x511:
          0x2000007c  0x511

Copy (__iar_copy_init3)
    1 source range, total size 0x7c:
          0x080082b0   0x7c
    1 destination range, total size 0x7c:
          0x20000000   0x7c



*******************************************************************************
*** MODULE SUMMARY
***

    Module                  ro code  ro data  rw data
    ------                  -------  -------  -------
D:\SVN\C_Sharp\VisualRotate\trunk\stm32f103_flight_controller\Debug\Obj: [1]
    I2CRoutines.o             1 680                57
    MadgwickAHRS.o                         4        4
    MahonyAHRS.o              2 364        4       20
    board_NVIC.o                 12
    board_adc.o                  24                 2
    board_adxl345.o             340       12       33
    board_bmp085.o              936                96
    board_dma.o                 304                 1
    board_filter.o               14
    board_gpio.o                280       96
    board_hmc5883.o             144                20
    board_i2c.o               1 992               518
    board_l3g4200d.o            202                 1
    board_ppm.o                 376                64
    board_timer.o               876                16
    board_uart.o              1 732      112      264
    main.o                      390                96
    misc.o                      224      104
    startup_stm32f10x_md.o      460
    stm32f10x_adc.o              56      116
    stm32f10x_dma.o           1 856      116
    stm32f10x_gpio.o            800      116
    stm32f10x_i2c.o             496      116
    stm32f10x_rcc.o             596      136       20
    stm32f10x_tim.o           3 208      116
    stm32f10x_usart.o         1 020      116
    system_stm32f10x.o          348        4        4
    user_CRC.o                   72
    user_pid.o                  242               156
    user_processing.o         2 268       56       41
    user_serialization.o        968
    -------------------------------------------------
    Total:                   24 280    1 224    1 413

command line: [2]
    -------------------------------------------------
    Total:

dl7M_tlf.a: [3]
    errno.o                      12                 4
    exit.o                        4
    low_level_init.o              4
    xtls.o                        2
    -------------------------------------------------
    Total:                       22                 4

m7M_tl.a: [4]
    DblAdd.o                    232
    DblCmpEq.o                   32
    DblCmpGe.o                   46
    DblCmpLe.o                   46
    DblDiv.o                    582
    DblMul.o                    418
    DblSub.o                    384
    DblToFlt.o                  144
    DblToI32.o                   76
    FltAdd.o                    132
    FltCmpEq.o                   28
    FltCmpGe.o                   36
    FltDiv.o                    252
    FltMul.o                    216
    FltSub.o                    230
    FltToDbl.o                   78
    I32ToDbl.o                   44
    I32ToFlt.o                   50
    atan.o                      148
    atan2.o                     272
    pow.o                     2 104
    sqrt.o                      240
    xatan.o                     480
    xdint.o                     126
    xdnorm.o                     66
    xdscale.o                   268
    xexp.o                      748
    xlog.o                      168
    -------------------------------------------------
    Total:                    7 646

rt7M_tl.a: [5]
    ABImemclr4.o                  6
    ABImemcpy.o                  86
    ABImemset48.o                50
    cexit.o                      10
    cmain.o                      22
    copy_init3.o                 46
    cstartup_M.o                 12
    data_init3.o                 40
    iarEdom.o                    12
    zero_init3.o                 34
    -------------------------------------------------
    Total:                      318

shb_l.a: [6]
    exit.o                       20
    -------------------------------------------------
    Total:                       20

    Gaps                         34                 4
    Linker created                        36    1 536
-----------------------------------------------------
    Grand Total:             32 320    1 260    2 957


*******************************************************************************
*** ENTRY LIST
***

Entry                      Address   Size  Type      Object
-----                      -------   ----  ----      ------
?main                   0x08008151         Code  Gb  cmain.o [5]
ADC1_2_IRQHandler       0x08008139    0xe  Code  Gb  board_adc.o [1]
ADC2ConvertedValue      0x2000057c    0x2  Data  Lc  board_adc.o [1]
ADCPrescTable           0x20000070    0x4  Data  Lc  stm32f10x_rcc.o [1]
ADC_GetConversionValue  0x08008091   0x28  Code  Gb  stm32f10x_adc.o [1]
APBAHBPrescTable        0x20000000   0x10  Data  Lc  stm32f10x_rcc.o [1]
Address                 0x20000582    0x1  Data  Gb  I2CRoutines.o [1]
Buffer_Rx1              0x20000589    0x1  Data  Gb  board_i2c.o [1]
Buffer_Rx2              0x2000007c  0x100  Data  Gb  board_i2c.o [1]
Buffer_Tx1              0x2000058a    0x1  Data  Gb  board_i2c.o [1]
Buffer_Tx2              0x2000017c  0x100  Data  Gb  board_i2c.o [1]
BusFault_Handler        0x080081ed         Code  Wk  startup_stm32f10x_md.o [1]
CAN1_RX1_IRQHandler     0x08008259         Code  Wk  startup_stm32f10x_md.o [1]
CAN1_SCE_IRQHandler     0x0800825d         Code  Wk  startup_stm32f10x_md.o [1]
COM_RX_PIN              0x080081d8    0x8  Data  Gb  board_uart.o [1]
COM_RX_PORT             0x20000044    0xc  Data  Gb  board_uart.o [1]
COM_RX_PORT_CLK         0x080081b8    0xc  Data  Gb  board_uart.o [1]
COM_TX_PIN              0x080081d0    0x8  Data  Gb  board_uart.o [1]
COM_TX_PORT             0x20000038    0xc  Data  Gb  board_uart.o [1]
COM_TX_PORT_CLK         0x080081ac    0xc  Data  Gb  board_uart.o [1]
COM_USART               0x2000002c    0xc  Data  Gb  board_uart.o [1]
COM_USART_CLK           0x080081a0    0xc  Data  Gb  board_uart.o [1]
CRC16_alg               0x08005639   0x48  Code  Gb  user_CRC.o [1]
CSTACK$$Base            0x20000590          --   Gb  - Linker created -
CSTACK$$Limit           0x20000b90          --   Gb  - Linker created -
Capture                 0x20000548    0x4  Data  Gb  board_ppm.o [1]
DMA1_Channel1_IRQHandler
                        0x08008231         Code  Wk  startup_stm32f10x_md.o [1]
DMA1_Channel2_IRQHandler
                        0x08008235         Code  Wk  startup_stm32f10x_md.o [1]
DMA1_Channel3_IRQHandler
                        0x08008239         Code  Wk  startup_stm32f10x_md.o [1]
DMA1_Channel4_IRQHandler
                        0x08001049   0x14  Code  Gb  board_dma.o [1]
DMA1_Channel5_IRQHandler
                        0x08008241         Code  Wk  startup_stm32f10x_md.o [1]
DMA1_Channel6_IRQHandler
                        0x08008245         Code  Wk  startup_stm32f10x_md.o [1]
DMA1_Channel7_IRQHandler
                        0x08008249         Code  Wk  startup_stm32f10x_md.o [1]
DMA_ClearFlag           0x0800370d   0x2e  Code  Gb  stm32f10x_dma.o [1]
DMA_Cmd                 0x080033e9   0xa6  Code  Gb  stm32f10x_dma.o [1]
DMA_DeInit              0x08003091  0x1c0  Code  Gb  stm32f10x_dma.o [1]
DMA_GetFlagStatus       0x080035c1  0x14c  Code  Gb  stm32f10x_dma.o [1]
DMA_ITConfig            0x0800348f   0xba  Code  Gb  stm32f10x_dma.o [1]
DMA_Init                0x08003251  0x198  Code  Gb  stm32f10x_dma.o [1]
DMA_SetCurrDataCounter  0x08003549   0x78  Code  Gb  stm32f10x_dma.o [1]
DebugMon_Handler        0x080081f9         Code  Wk  startup_stm32f10x_md.o [1]
EXTI0_IRQHandler        0x0800821d         Code  Wk  startup_stm32f10x_md.o [1]
EXTI15_10_IRQHandler    0x080082a5         Code  Wk  startup_stm32f10x_md.o [1]
EXTI1_IRQHandler        0x08008221         Code  Wk  startup_stm32f10x_md.o [1]
EXTI2_IRQHandler        0x08008225         Code  Wk  startup_stm32f10x_md.o [1]
EXTI3_IRQHandler        0x08008229         Code  Wk  startup_stm32f10x_md.o [1]
EXTI4_IRQHandler        0x0800822d         Code  Wk  startup_stm32f10x_md.o [1]
EXTI9_5_IRQHandler      0x08008261         Code  Wk  startup_stm32f10x_md.o [1]
FLASH_IRQHandler        0x08008215         Code  Wk  startup_stm32f10x_md.o [1]
GPIO_Init               0x08001b39  0x170  Code  Gb  stm32f10x_gpio.o [1]
GPIO_ReadInputDataBit   0x08001ca9   0xda  Code  Gb  stm32f10x_gpio.o [1]
GPIO_ResetBits          0x08001de1   0x56  Code  Gb  stm32f10x_gpio.o [1]
GPIO_SetBits            0x08001d83   0x5e  Code  Gb  stm32f10x_gpio.o [1]
GPIO_ToggleBits         0x080025c3   0x5c  Code  Gb  board_gpio.o [1]
HardFault_Handler       0x080081e5         Code  Wk  startup_stm32f10x_md.o [1]
I2C1_ER_IRQHandler      0x08002c3b   0x72  Code  Gb  board_i2c.o [1]
I2C1_EV_IRQHandler      0x0800272b  0x272  Code  Gb  board_i2c.o [1]
I2C2_ER_IRQHandler      0x08002bc9   0x72  Code  Gb  board_i2c.o [1]
I2C2_EV_IRQHandler      0x0800299d  0x22c  Code  Gb  board_i2c.o [1]
I2CDMA_InitStructure    0x20000438   0x2c  Data  Gb  I2CRoutines.o [1]
I2CDirection            0x200004d8    0x4  Data  Gb  I2CRoutines.o [1]
I2C_DMAConfig           0x08005c23   0xae  Code  Gb  I2CRoutines.o [1]
I2C_GenerateSTOP        0x0800768d   0x56  Code  Gb  stm32f10x_i2c.o [1]
I2C_Init                0x08007511  0x17c  Code  Gb  stm32f10x_i2c.o [1]
I2C_LowLevel_Init       0x08005b3b   0xe8  Code  Gb  I2CRoutines.o [1]
I2C_Master_BufferRead   0x08005681  0x31a  Code  Gb  I2CRoutines.o [1]
I2C_Master_BufferWrite  0x0800599b  0x1a0  Code  Gb  I2CRoutines.o [1]
IC4ReadValue1           0x2000057e    0x2  Data  Gb  board_ppm.o [1]
IC4ReadValue2           0x20000580    0x2  Data  Gb  board_ppm.o [1]
MemManage_Handler       0x080081e9         Code  Wk  startup_stm32f10x_md.o [1]
NMI_Handler             0x080081e1         Code  Wk  startup_stm32f10x_md.o [1]
NVIC_EnableIRQ          0x08000f5b   0x16  Code  Lc  board_dma.o [1]
NVIC_EnableIRQ          0x0800264d   0x18  Code  Lc  board_i2c.o [1]
NVIC_EnableIRQ          0x080017d9   0x18  Code  Lc  board_timer.o [1]
NVIC_EncodePriority     0x08000f93   0x3e  Code  Lc  board_dma.o [1]
NVIC_EncodePriority     0x0800268b   0x3e  Code  Lc  board_i2c.o [1]
NVIC_EncodePriority     0x08001817   0x3e  Code  Lc  board_timer.o [1]
NVIC_GetPriorityGrouping
                        0x08000f51    0xa  Code  Lc  board_dma.o [1]
NVIC_GetPriorityGrouping
                        0x08002641    0xc  Code  Lc  board_i2c.o [1]
NVIC_GetPriorityGrouping
                        0x080017cd    0xc  Code  Lc  board_timer.o [1]
NVIC_Init               0x08004cb1   0x92  Code  Gb  misc.o [1]
NVIC_PriorityGroupConfig
                        0x08004c7d   0x34  Code  Gb  misc.o [1]
NVIC_SetPriority        0x08000f71   0x22  Code  Lc  board_dma.o [1]
NVIC_SetPriority        0x08002665   0x26  Code  Lc  board_i2c.o [1]
NVIC_SetPriority        0x080017f1   0x26  Code  Lc  board_timer.o [1]
NVIC_init               0x0800251d    0xc  Code  Gb  board_NVIC.o [1]
NumbOfBytes1            0x200004dc    0x4  Data  Gb  I2CRoutines.o [1]
NumbOfBytes2            0x200004e0    0x4  Data  Gb  I2CRoutines.o [1]
PID                     0x2000033c   0x9c  Data  Gb  user_pid.o [1]
PVD_IRQHandler          0x08008209         Code  Wk  startup_stm32f10x_md.o [1]
PendSV_Handler          0x080081fd         Code  Wk  startup_stm32f10x_md.o [1]
Quaternion              0x20000010   0x10  Data  Gb  user_processing.o [1]
RCC_AHBPeriphClockCmd   0x08002f21   0x52  Code  Gb  stm32f10x_rcc.o [1]
RCC_APB1PeriphClockCmd  0x08002fc1   0x4e  Code  Gb  stm32f10x_rcc.o [1]
RCC_APB1PeriphResetCmd  0x0800300f   0x4e  Code  Gb  stm32f10x_rcc.o [1]
RCC_APB2PeriphClockCmd  0x08002f73   0x4e  Code  Gb  stm32f10x_rcc.o [1]
RCC_GetClocksFreq       0x08002e3d   0xe4  Code  Gb  stm32f10x_rcc.o [1]
RCC_IRQHandler          0x08008219         Code  Wk  startup_stm32f10x_md.o [1]
RTCAlarm_IRQHandler     0x080082a9         Code  Wk  startup_stm32f10x_md.o [1]
RTC_IRQHandler          0x08008211         Code  Wk  startup_stm32f10x_md.o [1]
ReceiveDataPacket       0x08002151  0x38c  Code  Gb  board_uart.o [1]
Region$$Table$$Base     0x08008114          --   Gb  - Linker created -
Region$$Table$$Limit    0x08008138          --   Gb  - Linker created -
Reset_Handler           0x08008191         Code  Wk  startup_stm32f10x_md.o [1]
Rx_Idx1                 0x20000586    0x1  Data  Lc  board_i2c.o [1]
Rx_Idx2                 0x20000588    0x1  Data  Lc  board_i2c.o [1]
SPI1_IRQHandler         0x08008291         Code  Wk  startup_stm32f10x_md.o [1]
SPI2_IRQHandler         0x08008295         Code  Wk  startup_stm32f10x_md.o [1]
SVC_Handler             0x080081f5         Code  Wk  startup_stm32f10x_md.o [1]
SamplePeriod            0x20000078    0x4  Data  Gb  user_processing.o [1]
SetSysClock             0x08007c7d    0x8  Code  Lc  system_stm32f10x.o [1]
SetSysClockTo72         0x08007c85   0xe0  Code  Lc  system_stm32f10x.o [1]
SysTick_Config          0x08001855   0x36  Code  Lc  board_timer.o [1]
SysTick_Handler         0x080018d7   0x18  Code  Gb  board_timer.o [1]
SystemCoreClock         0x20000074    0x4  Data  Gb  system_stm32f10x.o [1]
SystemInit              0x08007c29   0x54  Code  Gb  system_stm32f10x.o [1]
TAMPER_IRQHandler       0x0800820d         Code  Wk  startup_stm32f10x_md.o [1]
TI1_Config              0x08000b6b   0x6a  Code  Lc  stm32f10x_tim.o [1]
TI2_Config              0x08000bd5   0x74  Code  Lc  stm32f10x_tim.o [1]
TI3_Config              0x08000c49   0x72  Code  Lc  stm32f10x_tim.o [1]
TI4_Config              0x08000cc5   0x74  Code  Lc  stm32f10x_tim.o [1]
TIM1_BRK_IRQHandler     0x08008265         Code  Wk  startup_stm32f10x_md.o [1]
TIM1_CC_IRQHandler      0x08008271         Code  Wk  startup_stm32f10x_md.o [1]
TIM1_TRG_COM_IRQHandler
                        0x0800826d         Code  Wk  startup_stm32f10x_md.o [1]
TIM1_UP_IRQHandler      0x08001ac3   0x24  Code  Gb  board_timer.o [1]
TIM2_IRQHandler         0x08000e09   0x7c  Code  Gb  main.o [1]
TIM3_IRQHandler         0x08000e85   0x68  Code  Gb  main.o [1]
TIM4_IRQHandler         0x08007ab1  0x14a  Code  Gb  board_ppm.o [1]
TIMER1_period_interupt_init
                        0x08001a65   0x5e  Code  Gb  board_timer.o [1]
TIMER4_CAPTURE_channel_init
                        0x08001935  0x130  Code  Gb  board_timer.o [1]
TIM_ClearITPendingBit   0x08000ad5   0x96  Code  Gb  stm32f10x_tim.o [1]
TIM_Cmd                 0x08000539   0xcc  Code  Gb  stm32f10x_tim.o [1]
TIM_GetCapture2         0x08000959   0x50  Code  Gb  stm32f10x_tim.o [1]
TIM_GetITStatus         0x080009dd   0xf2  Code  Gb  stm32f10x_tim.o [1]
TIM_ICInit              0x0800029d  0x294  Code  Gb  stm32f10x_tim.o [1]
TIM_ITConfig            0x08000605   0xe2  Code  Gb  stm32f10x_tim.o [1]
TIM_SetIC1Prescaler     0x0800072d   0xba  Code  Gb  stm32f10x_tim.o [1]
TIM_SetIC2Prescaler     0x080007f1   0x8c  Code  Gb  stm32f10x_tim.o [1]
TIM_SetIC3Prescaler     0x0800087d   0x6e  Code  Gb  stm32f10x_tim.o [1]
TIM_SetIC4Prescaler     0x080008eb   0x6e  Code  Gb  stm32f10x_tim.o [1]
TIM_TimeBaseInit        0x080000ed  0x170  Code  Gb  stm32f10x_tim.o [1]
Tx_Idx1                 0x20000585    0x1  Data  Lc  board_i2c.o [1]
Tx_Idx2                 0x20000587    0x1  Data  Lc  board_i2c.o [1]
UART_RING_BUFFER        0x2000027c   0xc0  Data  Gb  board_uart.o [1]
UART_RING_BUFFER_HEAD   0x20000050    0xc  Data  Gb  board_uart.o [1]
UART_RING_BUFFER_RECEIVED_BYTE
                        0x200004b0    0xc  Data  Gb  board_uart.o [1]
UART_RING_BUFFER_TAIL   0x2000005c    0xc  Data  Gb  board_uart.o [1]
UARTx_Read_Byte_From_Round_Buffer
                        0x08002081   0xd0  Code  Gb  board_uart.o [1]
UARTx_rx_isr            0x08001fa7   0xda  Code  Gb  board_uart.o [1]
USART1_IRQHandler       0x08001f7f   0x28  Code  Gb  board_uart.o [1]
USART2_IRQHandler       0x0800829d         Code  Wk  startup_stm32f10x_md.o [1]
USART3_IRQHandler       0x080082a1         Code  Wk  startup_stm32f10x_md.o [1]
USART_Cmd               0x080039a3   0x6e  Code  Gb  stm32f10x_usart.o [1]
USART_DMACmd            0x08003b2b   0x84  Code  Gb  stm32f10x_usart.o [1]
USART_ITConfig          0x08003a11  0x11a  Code  Gb  stm32f10x_usart.o [1]
USART_Init              0x080037d1  0x1d2  Code  Gb  stm32f10x_usart.o [1]
USBWakeUp_IRQHandler    0x080082ad         Code  Wk  startup_stm32f10x_md.o [1]
USB_HP_CAN1_TX_IRQHandler
                        0x08008251         Code  Wk  startup_stm32f10x_md.o [1]
USB_LP_CAN1_RX0_IRQHandler
                        0x08008255         Code  Wk  startup_stm32f10x_md.o [1]
UsageFault_Handler      0x080081f1         Code  Wk  startup_stm32f10x_md.o [1]
WWDG_IRQHandler         0x08008205         Code  Wk  startup_stm32f10x_md.o [1]
__aeabi_cdcmpeq         0x08005fa1         Code  Gb  DblCmpEq.o [4]
__aeabi_cdcmple         0x08005ffd         Code  Gb  DblCmpLe.o [4]
__aeabi_cdrcmple        0x08005fcd         Code  Gb  DblCmpGe.o [4]
__aeabi_cfcmpeq         0x08007811         Code  Gb  FltCmpEq.o [4]
__aeabi_cfrcmple        0x0800782d         Code  Gb  FltCmpGe.o [4]
__aeabi_d2f             0x08004199         Code  Gb  DblToFlt.o [4]
__aeabi_d2iz            0x0800602d         Code  Gb  DblToI32.o [4]
__aeabi_dadd            0x08005df9         Code  Gb  DblAdd.o [4]
__aeabi_ddiv            0x08003dd1         Code  Gb  DblDiv.o [4]
__aeabi_dmul            0x08004ad9         Code  Gb  DblMul.o [4]
__aeabi_dsub            0x08004019         Code  Gb  DblSub.o [4]
__aeabi_errno_addr      0x08005fc1    0x6  Code  Gb  errno.o [3]
__aeabi_f2d             0x08003d81         Code  Gb  FltToDbl.o [4]
__aeabi_fadd            0x08003c01         Code  Gb  FltAdd.o [4]
__aeabi_fdiv            0x08003c85         Code  Gb  FltDiv.o [4]
__aeabi_fmul            0x0800714d         Code  Gb  FltMul.o [4]
__aeabi_fsub            0x08005d11         Code  Gb  FltSub.o [4]
__aeabi_i2d             0x08006079         Code  Gb  I32ToDbl.o [4]
__aeabi_i2f             0x08003bcd         Code  Gb  I32ToFlt.o [4]
__aeabi_memclr4         0x08000f29         Code  Gb  ABImemclr4.o [5]
__aeabi_memcpy4         0x08007225         Code  Gb  ABImemcpy.o [5]
__aeabi_memcpy8         0x08007225         Code  Gb  ABImemcpy.o [5]
__aeabi_ui2f            0x08003be1         Code  Gb  I32ToFlt.o [4]
__cmain                 0x08008151         Code  Gb  cmain.o [5]
__exit                  0x0800817d   0x14  Code  Gb  exit.o [6]
__iar_Atan              0x080078d1  0x148  Code  Gb  xatan.o [4]
__iar_Dint              0x08005f23   0x7e  Code  Gb  xdint.o [4]
__iar_Dnorm             0x08005ee1   0x42  Code  Gb  xdnorm.o [4]
__iar_Dscale            0x08007705  0x10c  Code  Gb  xdscale.o [4]
__iar_Errno             0x20000578    0x4  Data  Gb  errno.o [3]
__iar_Exp               0x0800614d  0x28a  Code  Gb  xexp.o [4]
__iar_Logpoly           0x080060a5   0x6e  Code  Gb  xlog.o [4]
__iar_Memset4_word      0x08002e09         Code  Gb  ABImemset48.o [5]
__iar_Memset8_word      0x08002e09         Code  Gb  ABImemset48.o [5]
__iar_copy_init3        0x08000efb   0x2e  Code  Gb  copy_init3.o [5]
__iar_d2uiz             0x08006059         Code  Gb  DblToI32.o [4]
__iar_dadd              0x08005e0d         Code  Gb  DblAdd.o [4]
__iar_data_init3        0x080080c9   0x28  Code  Gb  data_init3.o [5]
__iar_dlib_perthread_access
                        0x08007701    0x2  Code  Gb  xtls.o [3]
__iar_dsub              0x0800402d         Code  Gb  DblSub.o [4]
__iar_dsubStart         0x0800403f         Code  Gb  DblSub.o [4]
__iar_edom              0x08007851         Code  Gb  iarEdom.o [5]
__iar_fadd              0x08003c11         Code  Gb  FltAdd.o [4]
__iar_fsub              0x08005d21         Code  Gb  FltSub.o [4]
__iar_fsubStart         0x08005d31         Code  Gb  FltSub.o [4]
__iar_program_start     0x080081c5         Code  Gb  cstartup_M.o [5]
__iar_sqrt              0x0800727d         Code  Gb  sqrt.o [4]
__iar_ui2d              0x0800608d         Code  Gb  I32ToDbl.o [4]
__iar_ui2f              0x08003be5         Code  Gb  I32ToFlt.o [4]
__iar_zero_init3        0x08000f2f   0x22  Code  Gb  zero_init3.o [5]
__low_level_init        0x08008167    0x4  Code  Gb  low_level_init.o [3]
__vector_table          0x08000000         Data  Gb  startup_stm32f10x_md.o [1]
_call_main              0x0800815d         Code  Gb  cmain.o [5]
_exit                   0x08008171         Code  Gb  cexit.o [5]
_main                   0x08008163         Code  Gb  cmain.o [5]
a                       0x08007a70   0x40  Data  Lc  xatan.o [4]
ac1                     0x200004f8    0x4  Data  Gb  board_bmp085.o [1]
ac2                     0x200004fc    0x4  Data  Gb  board_bmp085.o [1]
ac3                     0x20000500    0x4  Data  Gb  board_bmp085.o [1]
ac4                     0x20000518    0x4  Data  Gb  board_bmp085.o [1]
ac5                     0x2000051c    0x4  Data  Gb  board_bmp085.o [1]
ac6                     0x20000520    0x4  Data  Gb  board_bmp085.o [1]
accelCalibrating        0x20000583    0x1  Data  Gb  board_adxl345.o [1]
accelRTBias             0x20000498    0xc  Data  Gb  board_adxl345.o [1]
accelScaleFactor        0x20000020    0xc  Data  Gb  board_adxl345.o [1]
assert_failed           0x08000ef9    0x2  Code  Gb  main.o [1]
atan                    0x0800747d   0x94  Code  Gb  atan.o [4]
atan2                   0x0800736d  0x110  Code  Gb  atan2.o [4]
b1                      0x20000504    0x4  Data  Gb  board_bmp085.o [1]
b2                      0x20000508    0x4  Data  Gb  board_bmp085.o [1]
b3                      0x20000530    0x4  Data  Gb  board_bmp085.o [1]
b4                      0x20000540    0x4  Data  Gb  board_bmp085.o [1]
b5                      0x20000534    0x4  Data  Gb  board_bmp085.o [1]
b6                      0x20000538    0x4  Data  Gb  board_bmp085.o [1]
b7                      0x20000544    0x4  Data  Gb  board_bmp085.o [1]
board_com_init          0x08001ec1   0xbe  Code  Gb  board_uart.o [1]
board_gpio_init         0x0800256b   0x58  Code  Gb  board_gpio.o [1]
calculatePressureAltitude
                        0x080013e1  0x17e  Code  Gb  board_bmp085.o [1]
calculateTemperature    0x0800139f   0x42  Code  Gb  board_bmp085.o [1]
ch                      0x20000464   0x28  Data  Gb  board_ppm.o [1]
computeAccelRTBias      0x08001081   0xc2  Code  Gb  board_adxl345.o [1]
constrain               0x080017b9   0x12  Code  Gb  user_pid.o [1]
convert_quaternion_to_euler_angles
                        0x080053e9  0x1d6  Code  Gb  user_processing.o [1]
deg2rad                 0x08005185    0xc  Code  Gb  user_processing.o [1]
delay                   0x08001929    0xc  Code  Gb  board_timer.o [1]
eInt                    0x2000048c    0xc  Data  Gb  MahonyAHRS.o [1]
end_of_transmit_flag    0x20000584    0x1  Data  Gb  board_dma.o [1]
exit                    0x0800816b    0x4  Code  Gb  exit.o [3]
failureMode             0x0800129d    0x2  Code  Gb  board_l3g4200d.o [1]
filterAccelX            0x08006439    0x2  Code  Gb  board_filter.o [1]
filterGyroX             0x0800643b    0x2  Code  Gb  board_filter.o [1]
filterGyroY             0x0800643d    0x2  Code  Gb  board_filter.o [1]
filterGyroZ             0x0800643f    0x2  Code  Gb  board_filter.o [1]
filterMagnX             0x08006441    0x2  Code  Gb  board_filter.o [1]
filterMagnY             0x08006443    0x2  Code  Gb  board_filter.o [1]
filterMagnZ             0x08006445    0x2  Code  Gb  board_filter.o [1]
gpio_init               0x08002529   0x42  Code  Gb  board_gpio.o [1]
i2c_init                0x08002d59   0x42  Code  Gb  board_i2c.o [1]
i2c_read                0x080026f3   0x38  Code  Gb  board_i2c.o [1]
i2c_unstick             0x08002cad   0xac  Code  Gb  board_i2c.o [1]
i2c_write               0x080026c9   0x2a  Code  Gb  board_i2c.o [1]
initAccel               0x0800119d   0x38  Code  Gb  board_adxl345.o [1]
initMag                 0x080012e3   0x46  Code  Gb  board_hmc5883.o [1]
initPressure            0x0800155f  0x104  Code  Gb  board_bmp085.o [1]
init_PID                0x080016d9   0x16  Code  Gb  user_pid.o [1]
init_PID_variable       0x080016ef   0x38  Code  Gb  user_pid.o [1]
init_all                0x08000df1   0x18  Code  Gb  main.o [1]
init_dma                0x08000fd1   0x78  Code  Gb  board_dma.o [1]
internal_Pow            0x080042a1  0x402  Code  Lc  pow.o [4]
l3g4200dAlign           0x0800125d    0x2  Code  Lc  board_l3g4200d.o [1]
l3g4200dDetect          0x080011d5   0x3a  Code  Gb  board_l3g4200d.o [1]
l3g4200dInit            0x08001211   0x46  Code  Lc  board_l3g4200d.o [1]
l3g4200dRead            0x08001261   0x3c  Code  Lc  board_l3g4200d.o [1]
lnbias                  0x080046b8  0x420  Data  Lc  pow.o [4]
local_board             0x2000055c    0x4  Data  Lc  board_timer.o [1]
local_gyro              0x20000560    0x4  Data  Lc  board_timer.o [1]
madgwick_Beta           0x20000068    0x4  Data  Gb  MadgwickAHRS.o [1]
magScaleFactor          0x200004a4    0xc  Data  Gb  board_hmc5883.o [1]
magnet_axis_correction  0x0800519d  0x24c  Code  Gb  user_processing.o [1]
mahony_Ki               0x200004e4    0x4  Data  Gb  MahonyAHRS.o [1]
mahony_Kp               0x2000006c    0x4  Data  Gb  MahonyAHRS.o [1]
mahony_update_AccGyroMag
                        0x08006449  0x922  Code  Gb  MahonyAHRS.o [1]
main                    0x08000d75   0x7c  Code  Gb  main.o [1]
mb                      0x2000050c    0x4  Data  Gb  board_bmp085.o [1]
mc                      0x20000510    0x4  Data  Gb  board_bmp085.o [1]
md                      0x20000514    0x4  Data  Gb  board_bmp085.o [1]
mpuLowPassFilter        0x2000058b    0x1  Data  Lc  board_l3g4200d.o [1]
msg                     0x200003d8   0x60  Data  Gb  main.o [1]
p                       0x2000053c    0x4  Data  Gb  board_bmp085.o [1]
pow                     0x080046a9    0xe  Code  Gb  pow.o [4]
pressureAlt             0x200004e8    0x4  Data  Gb  board_bmp085.o [1]
pressureAverage         0x200004ec    0x4  Data  Gb  board_bmp085.o [1]
rad2deg                 0x08005191    0xc  Code  Gb  user_processing.o [1]
rawAccel                0x200004bc    0x8  Data  Gb  board_adxl345.o [1]
rawMag                  0x200004c4    0x8  Data  Gb  board_hmc5883.o [1]
readAccel               0x08001143   0x42  Code  Gb  board_adxl345.o [1]
readMag                 0x080012a1   0x42  Code  Gb  board_hmc5883.o [1]
readPressureRequestTemperature
                        0x0800135f   0x40  Code  Gb  board_bmp085.o [1]
readTemperatureRequestPressure
                        0x08001331   0x2e  Code  Gb  board_bmp085.o [1]
read_system_time        0x080018ef    0xa  Code  Gb  board_timer.o [1]
sensors_raw_data_serialisation_api
                        0x08006d85  0x354  Code  Gb  user_serialization.o [1]
serialise16             0x080070fb   0x24  Code  Gb  user_serialization.o [1]
serialise32             0x0800711f   0x2e  Code  Gb  user_serialization.o [1]
serialise8              0x080070e1   0x1a  Code  Gb  user_serialization.o [1]
sqrt                    0x0800727d         Code  Gb  sqrt.o [4]
sqrtl                   0x0800727d         Code  Gb  sqrt.o [4]
start_main_interupt_function_sensor
                        0x08001ae7   0x1a  Code  Gb  board_timer.o [1]
start_processing_sensors
                        0x08004d5d  0x428  Code  Gb  user_processing.o [1]
sys_delay               0x080018f9   0x30  Code  Gb  board_timer.o [1]
system_time             0x200004d0    0x8  Data  Gb  board_timer.o [1]
system_time_interrupt_init
                        0x080018ab   0x2c  Code  Gb  board_timer.o [1]
timer_init              0x0800188b   0x20  Code  Gb  board_timer.o [1]
uart_init               0x08001e59   0x68  Code  Gb  board_uart.o [1]
uncompensatedPressure   0x200004f0    0x4  Data  Gb  board_bmp085.o [1]
uncompensatedTemperature
                        0x200004f4    0x4  Data  Gb  board_bmp085.o [1]
update_PDF              0x08001727   0x7c  Code  Gb  user_pid.o [1]
x1                      0x20000524    0x4  Data  Gb  board_bmp085.o [1]
x2                      0x20000528    0x4  Data  Gb  board_bmp085.o [1]
x3                      0x2000052c    0x4  Data  Gb  board_bmp085.o [1]


[1] = D:\SVN\C_Sharp\VisualRotate\trunk\stm32f103_flight_controller\Debug\Obj
[2] = command line
[3] = dl7M_tlf.a
[4] = m7M_tl.a
[5] = rt7M_tl.a
[6] = shb_l.a

  32 320 bytes of readonly  code memory
   1 260 bytes of readonly  data memory
   2 957 bytes of readwrite data memory

Errors: none
Warnings: none
